[www.dearmylove.org/index.html]
[www.dearmylove.org/_next/static/media/535dde6eb7bea7ba-s.p.woff2]
[www.dearmylove.org/_next/static/media/155cae559bbd1a77.p.woff2]
[www.dearmylove.org/_next/static/media/212182d849896ac2.p.woff2]
[www.dearmylove.org/_next/static/media/4de1fea1a954a5b6.p.woff2]
[www.dearmylove.org/_next/static/media/55c20a7790588da9.p.woff2]
[www.dearmylove.org/_next/static/media/6d664cce900333ee.p.woff2]
[www.dearmylove.org/_next/static/media/7ab5694dbcfea30c.p.woff2]
[www.dearmylove.org/_next/static/media/7ff6869a1704182a.p.woff2]
[www.dearmylove.org/_next/static/media/95beb24898f98070.p.woff2]
[www.dearmylove.org/_next/static/media/a3a474206a856479.p.woff2]
[www.dearmylove.org/_next/static/css/41d1b7385db8dceb.css]
[www.dearmylove.org/_next/static/css/410049979f99b8d0.css]
[www.dearmylove.org/_next/static/css/b4edf421a2beb52f.css]
[www.dearmylove.org/_next/static/css/e883968f8980c5d6.css]
[www.dearmylove.org/_next/static/css/5160cf820b2f63e0.css]
[www.dearmylove.org/_next/static/chunks/webpack-dadbef116bff155e.js]
[www.dearmylove.org/_next/static/chunks/fd9d1056-f035063bd8d1da97.js]
[www.dearmylove.org/_next/static/chunks/2117-03d0473a72af28d5.js]
[www.dearmylove.org/_next/static/chunks/main-app-be3d940aef6bd3eb.js]
[www.dearmylove.org/_next/static/chunks/1198-fbbd80c767236556.js]
[www.dearmylove.org/_next/static/chunks/2972-cb7339625e753d1a.js]
[www.dearmylove.org/_next/static/chunks/9551-ee99070bc75078f2.js]
[www.dearmylove.org/_next/static/chunks/5878-312c0098aaba4a7e.js]
[www.dearmylove.org/_next/static/chunks/8926-e161928b850c0733.js]
[www.dearmylove.org/_next/static/chunks/6311-84281004d742eb0e.js]
[www.dearmylove.org/_next/static/chunks/2539-59456ac9a11309e0.js]
[www.dearmylove.org/_next/static/chunks/497-3060816b9656d197.js]
[www.dearmylove.org/_next/static/chunks/4167-aab5f00c4901bbe2.js]
[www.dearmylove.org/_next/static/chunks/6599-b3fd5835ec3900a8.js]
[www.dearmylove.org/_next/static/chunks/app/page-660390b38a311241.js]
[www.dearmylove.org/_next/static/chunks/2277-9c17f386b85ef99d.js]
[www.dearmylove.org/_next/static/chunks/4438-ee0b3bda95990058.js]
[www.dearmylove.org/_next/static/chunks/7213-80f1df59ec5ac71b.js]
[www.dearmylove.org/_next/static/chunks/app/layout-00c06d31de7adf25.js]
[backblue.gif]
[fade.gif]
[index.html]
[www.dearmylove.org/_next/static/chunks/polyfills-42372ed130431b0a.js]
[www.dearmylove.org/sign-in.html]
[www.dearmylove.org/catalog-digital.html]
[www.dearmylove.org/index.html]
[www.dearmylove.org/pricing.html]
[www.dearmylove.org/fonts/AfrahDemo.ttf]
[www.dearmylove.org/fonts/Amiri-Regular.ttf]
[www.dearmylove.org/fonts/Amalfi-Coast.ttf]
[www.dearmylove.org/fonts/Amiri-Italic.ttf]
[www.dearmylove.org/fonts/Andara.ttf]
[www.dearmylove.org/fonts/Apple-Chancery.ttf]
[www.dearmylove.org/fonts/Amiri-Italic.2d.delayed]
[www.dearmylove.org/fonts/Basteleur-Bold.otf]
[www.dearmylove.org/fonts/Basteleur-Moonlight.otf]
[www.dearmylove.org/fonts/big_noodle_titling.ttf]
[www.dearmylove.org/fonts/CormorantGaramond-Bold.ttf]
[www.dearmylove.org/fonts/CormorantGaramond-Italic.ttf]
[www.dearmylove.org/fonts/CormorantGaramond-Regular.ttf]
[www.dearmylove.org/fonts/CormorantGaramond-SemiBold.ttf]
[www.dearmylove.org/fonts/dolce-regular.otf]
[www.dearmylove.org/fonts/Michelia.otf]
[www.dearmylove.org/fonts/MyriadPro-Regular.otf]
[www.dearmylove.org/fonts/NunitoSans-Italic-VariableFont.ttf]
[www.dearmylove.org/fonts/NunitoSans-VariableFont.ttf]
[www.dearmylove.org/fonts/OldStandardTT-Regular.ttf]
[www.dearmylove.org/fonts/OldStandardTT-Italic.ttf]
[www.dearmylove.org/fonts/OldStandardTT-Bold.ttf]
[www.dearmylove.org/fonts/RaffaAlverado.otf]
[www.dearmylove.org/fonts/Slight-Regular.ttf]
[www.dearmylove.org/fonts/Queensila.ttf]
[www.dearmylove.org/_next/static/css/41d1b7385db8dceb.css]
[www.dearmylove.org/_next/static/css/410049979f99b8d0.css]
[www.dearmylove.org/fonts/vivaldi.ttf]
[www.dearmylove.org/_next/static/media/a191bce9488b70a5.woff2]
[www.dearmylove.org/_next/static/media/64fbcbc555199961.woff2]
[www.dearmylove.org/_next/static/media/72f1c57c617e9d2d.woff2]
[www.dearmylove.org/_next/static/media/069f19c7a4801db3.woff2]
[www.dearmylove.org/_next/static/media/a72d7559ec57b4af.woff2]
[www.dearmylove.org/_next/static/media/ee7fbbfa2df5c63a.woff2]
[www.dearmylove.org/_next/static/media/c5a91be217662c13.woff2]
[www.dearmylove.org/_next/static/media/771f3f671c517dde.woff2]
[www.dearmylove.org/_next/static/media/19d13ab973632f85.woff2]
[www.dearmylove.org/_next/static/media/e81d45e0fd817790.woff2]
[www.dearmylove.org/_next/static/media/4f67e41f58518e85.woff2]
[www.dearmylove.org/_next/static/media/36aa02ebc564a5ed.woff2]
[www.dearmylove.org/_next/static/media/6ab1e366aac3fcae.woff2]
[www.dearmylove.org/_next/static/media/a66159ca2517086a.woff2]
[www.dearmylove.org/_next/static/media/d4863bcbd2a9cf6d.woff2]
[www.dearmylove.org/_next/static/media/862e43b750a3e4e4.woff2]
[www.dearmylove.org/_next/static/media/09d14b8bfa9e654c.woff2]
[www.dearmylove.org/_next/static/media/308d32073ffd403a.woff2]
[www.dearmylove.org/_next/static/media/2eb7d097e9af8659.woff2]
[www.dearmylove.org/_next/static/media/858368a2fb32e34a.woff2]
[www.dearmylove.org/_next/static/media/4002c738014442ee.woff2]
[www.dearmylove.org/_next/static/media/6e67d8a90b0c3b2e.woff2]
[www.dearmylove.org/_next/static/media/5bbbebf73de7f540.woff2]
[www.dearmylove.org/_next/static/media/96d43391122691f4.woff2]
[www.dearmylove.org/_next/static/media/4bfa7fd1d9b638c6.woff2]
[www.dearmylove.org/_next/static/media/dc1faff49fb9ea2b.woff2]
[www.dearmylove.org/_next/static/media/d571903f70c12de2.woff2]
[www.dearmylove.org/_next/static/media/c5c7277d6b200e87.woff2]
[www.dearmylove.org/_next/static/media/c979ae1326a33fe5.woff2]
[www.dearmylove.org/_next/static/media/58b5e56f3466386f.woff2]
[www.dearmylove.org/_next/static/media/21e75d5992c7bc35.woff2]
[www.dearmylove.org/_next/static/media/6acaa2894935bae6.woff2]
[www.dearmylove.org/_next/static/media/8b429fe07f65bbbf.woff2]
[www.dearmylove.org/_next/static/media/cb7eef5738a8dce4.woff2]
[www.dearmylove.org/_next/static/media/869ab43a3b3247bc.woff2]
[www.dearmylove.org/_next/static/media/5e65849ca11e61b7.woff2]
[www.dearmylove.org/_next/static/media/cbad06305f5ca509.woff2]
[www.dearmylove.org/_next/static/media/f059b24cfd5d335f.woff2]
[www.dearmylove.org/_next/static/media/eea35aceb2f10fbf.woff2]
[www.dearmylove.org/_next/static/media/f12a1d90ea43072a.woff2]
[www.dearmylove.org/_next/static/media/5443773dc51f3495.woff2]
[www.dearmylove.org/_next/static/media/1b93af78f9e7ec73.woff2]
[www.dearmylove.org/_next/static/media/9b122682c1068a0d.woff2]
[www.dearmylove.org/_next/static/media/b74e4ca15e119d9f.woff2]
[www.dearmylove.org/_next/static/media/5584b434b245975f.woff2]
[www.dearmylove.org/_next/static/media/1d1fc6330b358dd4.woff2]
[www.dearmylove.org/_next/static/media/27910502ca162196.woff2]
[www.dearmylove.org/_next/static/media/ec0e9cd0589695a9.woff2]
[www.dearmylove.org/_next/static/media/af0d34d6e5e0a5e3.woff2]
[www.dearmylove.org/_next/static/media/13e0d354b758542b.woff2]
[www.dearmylove.org/_next/static/media/a15568a06a73cfcb.woff2]
[www.dearmylove.org/_next/static/media/46e0d80b3b7105bd.woff2]
[www.dearmylove.org/_next/static/media/8534f3cc4210d0a2.woff2]
[www.dearmylove.org/_next/static/media/d9de735aeb210c3d.woff2]
[www.dearmylove.org/_next/static/media/194d305bfe6f3da1.woff2]
[www.dearmylove.org/_next/static/media/d0b8fe2560d8f5dd.woff2]
[www.dearmylove.org/_next/static/media/0b5b723c7174e5f7.woff2]
[www.dearmylove.org/_next/static/media/cd592ac2b37c77d7.woff2]
[www.dearmylove.org/_next/static/media/f543f73cca617c69.woff2]
[www.dearmylove.org/_next/static/media/75e0bb06d75de1df.woff2]
[www.dearmylove.org/_next/static/media/e9eb9bfde03932c6.woff2]
[www.dearmylove.org/_next/static/media/0170a8cf9e439098.woff2]
[www.dearmylove.org/_next/static/media/8568d8597aae3be4.woff2]
[www.dearmylove.org/_next/static/media/22753e721fde8994.woff2]
[www.dearmylove.org/_next/static/media/7b6f57b0fa2505c9.woff2]
[www.dearmylove.org/_next/static/media/d1947f3a431b0686.woff2]
[www.dearmylove.org/_next/static/media/94c2ab6e5e8b128b.woff2]
[www.dearmylove.org/_next/static/media/4e98da9c36af6f30.woff2]
[www.dearmylove.org/_next/static/media/d1f037f153c3f3a7.woff2]
[www.dearmylove.org/_next/static/media/ddea1385f5f1843c.woff2]
[www.dearmylove.org/_next/static/media/e25fce5a5f6858cb.woff2]
[www.dearmylove.org/_next/static/media/7566a5bae3dcead0.woff2]
[www.dearmylove.org/_next/static/media/beb74e2624592aa4.woff2]
[www.dearmylove.org/_next/static/media/1df61dc681971069.woff2]
[www.dearmylove.org/_next/static/media/1c9177bb9f1c16cf.woff2]
[www.dearmylove.org/_next/static/media/3cb7b49e657b5e70.woff2]
[www.dearmylove.org/_next/static/media/c9b1d3c86ac35c33.woff2]
[www.dearmylove.org/_next/static/media/02589b74c841b518.woff2]
[www.dearmylove.org/_next/static/media/2e4e63c9ffd64294.woff2]
[www.dearmylove.org/_next/static/media/4d0d9e23d351d634.woff2]
[www.dearmylove.org/_next/static/media/970e9db4a4e41c43.woff2]
[www.dearmylove.org/_next/static/media/57ee0f761815e763.woff2]
[www.dearmylove.org/_next/static/media/56486aef7b04256c.woff2]
[www.dearmylove.org/_next/static/media/f7089db63bc21704.woff2]
[www.dearmylove.org/_next/static/media/e46ff62ce061c546.woff2]
[www.dearmylove.org/_next/static/media/9cfd7e218e34dc96.woff2]
[www.dearmylove.org/_next/static/media/19befe32818836b2.woff2]
[www.dearmylove.org/_next/static/media/874536152fb683ee.woff2]
[www.dearmylove.org/_next/static/media/4be30394a5f933db.woff2]
[www.dearmylove.org/_next/static/media/2737a1f4bfd76588.woff2]
[www.dearmylove.org/_next/static/media/98083fe5fdbbb1cc.woff2]
[www.dearmylove.org/_next/static/media/f555b8969468acee.woff2]
[www.dearmylove.org/_next/static/media/0fead61245e7ba32.woff2]
[www.dearmylove.org/_next/static/media/c64e3126984d8384.woff2]
[www.dearmylove.org/_next/static/media/c973451f87fef98d.woff2]
[www.dearmylove.org/_next/static/media/e4f5da328ce23f1e.woff2]
[www.dearmylove.org/_next/static/media/f0607ae225cc1fc9.woff2]
[www.dearmylove.org/_next/static/media/437d8acbb71912f5.woff2]
[www.dearmylove.org/_next/static/media/26afd8bd21a05e90.woff2]
[www.dearmylove.org/_next/static/media/d89f3e8722a80562.woff2]
[www.dearmylove.org/_next/static/media/3ce3037d47d328f0.woff2]
[www.dearmylove.org/_next/static/media/e2a44d1c5a1994c4.woff2]
[www.dearmylove.org/_next/static/media/ff9eade4623ef40d.woff2]
[www.dearmylove.org/_next/static/media/6d0cae203c6ab724.woff2]
[www.dearmylove.org/_next/static/media/a7ba17b30daa98ae.woff2]
[www.dearmylove.org/_next/static/media/c3b18c1b34fa3ec0.woff2]
[www.dearmylove.org/_next/static/media/d303bc73ffb27d2a.woff2]
[www.dearmylove.org/_next/static/media/a5b53cdde85fb82a.woff2]
[www.dearmylove.org/_next/static/media/7756697fa55a7c9f.woff2]
[www.dearmylove.org/_next/static/media/df44a495dc20f436.woff2]
[www.dearmylove.org/_next/static/media/d54672b5052d2bf6.woff2]
[www.dearmylove.org/_next/static/media/d620de64d7d003f9.woff2]
[www.dearmylove.org/_next/static/media/a244bd5f59e7266a.woff2]
[www.dearmylove.org/_next/static/media/793a82b0648f3274.woff2]
[www.dearmylove.org/_next/static/media/86343b42eaa444c3.woff2]
[www.dearmylove.org/_next/static/media/772160de6759996d.woff2]
[www.dearmylove.org/_next/static/media/cf87a718397eccb9.woff2]
[www.dearmylove.org/_next/static/media/c1adb094393e2763.woff2]
[www.dearmylove.org/_next/static/media/b9f57f298c85f232.woff2]
[www.dearmylove.org/_next/static/media/f888e5321a1f98d6.woff2]
[www.dearmylove.org/_next/static/media/976a7fb51eb8e9b9.woff2]
[www.dearmylove.org/_next/static/media/d1d5de19a4fefe82.woff2]
[www.dearmylove.org/_next/static/media/60d9b56db54458d4.woff2]
[www.dearmylove.org/_next/static/media/b40fb92c518b8d97.woff2]
[www.dearmylove.org/_next/static/media/29c19b0f99905f63.woff2]
[www.dearmylove.org/_next/static/media/1e050d59f529b64c.woff2]
[www.dearmylove.org/_next/static/media/734554c4410d639d.woff2]
[www.dearmylove.org/_next/static/media/b69737f85aa2d62a.woff2]
[www.dearmylove.org/_next/static/media/68640cd826f8d804.woff2]
[www.dearmylove.org/_next/static/media/cf02c4a9ae953836.woff2]
[www.dearmylove.org/_next/static/media/87fcff6d091c79c4.woff2]
[www.dearmylove.org/_next/static/media/deab12e9518a3b09.woff2]
[www.dearmylove.org/_next/static/media/a6a8a41cf520d897.woff2]
[www.dearmylove.org/_next/static/media/e2ceef1c952025a7.woff2]
[www.dearmylove.org/_next/static/media/193b01b40ab4f607.woff2]
[www.dearmylove.org/_next/static/media/16f3e92428d64628.woff2]
[www.dearmylove.org/_next/static/media/df3b44ae42d4e622.woff2]
[www.dearmylove.org/_next/static/media/26ef153ae53600af.woff2]
[www.dearmylove.org/_next/static/media/096ef171e7847126.woff2]
[www.dearmylove.org/_next/static/media/87a581109aff325e.woff2]
[www.dearmylove.org/_next/static/media/7dea1364aeb7b3a3.woff2]
[www.dearmylove.org/_next/static/media/5670ec37ef10b038.woff2]
[www.dearmylove.org/_next/static/media/c247aace1e6e2f37.woff2]
[www.dearmylove.org/_next/static/media/e1b085a0d90e8d51.woff2]
[www.dearmylove.org/_next/static/media/85839c3e45780552.woff2]
[www.dearmylove.org/_next/static/media/37b154fb3dac1f16.woff2]
[www.dearmylove.org/_next/static/media/79a0bcfe3e104c59.woff2]
[www.dearmylove.org/_next/static/media/5fe50e81ab7db366.woff2]
[www.dearmylove.org/_next/static/media/e5f6af8826dde6ef.woff2]
[www.dearmylove.org/_next/static/media/7c5829be0d25ce5c.woff2]
[www.dearmylove.org/_next/static/media/6acdc1820af09257.woff2]
[www.dearmylove.org/_next/static/media/2742882ada633383.woff2]
[www.dearmylove.org/_next/static/media/8756e72430c7f411.woff2]
[www.dearmylove.org/_next/static/media/587230ca52084069.woff2]
[www.dearmylove.org/_next/static/media/867ba999a3ae0536.woff2]
[www.dearmylove.org/_next/static/media/9ee0d01c85f57849.woff2]
[www.dearmylove.org/_next/static/media/8adc6ea427e81668.woff2]
[www.dearmylove.org/_next/static/media/20126c88f442fc11.woff2]
[www.dearmylove.org/_next/static/media/bcee02c4b1f1fe08.woff2]
[www.dearmylove.org/_next/static/media/92d4e35409e9e439.woff2]
[www.dearmylove.org/_next/static/media/50f37adca3d22737.woff2]
[www.dearmylove.org/_next/static/media/39b62c6467735925.woff2]
[www.dearmylove.org/_next/static/media/d76cbcbbc081733a.woff2]
[www.dearmylove.org/_next/static/media/1ad5e225c6da7d69.woff2]
[www.dearmylove.org/_next/static/media/e925e22bc4d26500.woff2]
[www.dearmylove.org/_next/static/media/db35fbe38136efe6.woff2]
[www.dearmylove.org/_next/static/media/39a90d928d1503bc.woff2]
[www.dearmylove.org/_next/static/media/8494cfdf74465e15.woff2]
[www.dearmylove.org/_next/static/media/9b09ad278871b396.woff2]
[www.dearmylove.org/_next/static/media/7eb2f0419c341239.woff2]
[www.dearmylove.org/_next/static/media/97ef56b0e8016144.woff2]
[www.dearmylove.org/_next/static/media/4e2154c993ea9a02.woff2]
[www.dearmylove.org/_next/static/media/01eb7ab2d7c79ab6.woff2]
[www.dearmylove.org/_next/static/media/a357f9e274bf9e68.woff2]
[www.dearmylove.org/_next/static/media/97028990039f78b2.woff2]
[www.dearmylove.org/_next/static/media/31f9c88204855bf6.woff2]
[www.dearmylove.org/_next/static/media/68f2845b192be96c.woff2]
[www.dearmylove.org/_next/static/media/e85465d8d49bfdaa.woff2]
[www.dearmylove.org/_next/static/media/bae382b9f2e00ffe.woff2]
[www.dearmylove.org/_next/static/media/dd3c9cb1feb83e7e.woff2]
[www.dearmylove.org/_next/static/media/632f7cf2098c27f1.woff2]
[www.dearmylove.org/_next/static/media/5776a31081e92f84.woff2]
[www.dearmylove.org/_next/static/media/dfd2965a5e0e2847.woff2]
[www.dearmylove.org/_next/static/media/4913c74a98129143.woff2]
[www.dearmylove.org/_next/static/media/4e91892c7f659f06.woff2]
[www.dearmylove.org/_next/static/media/f1dea0e91dc4eb88.woff2]
[www.dearmylove.org/_next/static/media/d09579c172a2d438.woff2]
[www.dearmylove.org/_next/static/media/8fd23fce4ef7e7f6.woff2]
[www.dearmylove.org/_next/static/media/4adaf7eb2592a201.woff2]
[www.dearmylove.org/_next/static/media/7befc1e10a99f6fb.woff2]
[www.dearmylove.org/_next/static/media/a36c98746d1ea0e2.woff2]
[www.dearmylove.org/_next/static/media/b244ad19c4154c72.woff2]
[www.dearmylove.org/_next/static/media/f866dabfed886b55.woff2]
[www.dearmylove.org/_next/static/media/478239064c3a02bc.woff2]
[www.dearmylove.org/_next/static/media/69efedac3ee8dc14.woff2]
[www.dearmylove.org/_next/static/media/ce88850b5f0ad603.woff2]
[www.dearmylove.org/_next/static/media/cdedb89d30cc38d7.woff2]
[www.dearmylove.org/_next/static/media/6988e2264ea2e5e6.woff2]
[www.dearmylove.org/_next/static/media/633af8d2cc2b49d7.woff2]
[www.dearmylove.org/_next/static/media/ab2ee93d8f04c5ae.woff2]
[www.dearmylove.org/_next/static/media/a41c40f155024baf.woff2]
[www.dearmylove.org/_next/static/media/80f39bafef1cd5f0.woff2]
[www.dearmylove.org/_next/static/media/5c4d026686846953.woff2]
[www.dearmylove.org/_next/static/media/6be006a765a8ab69.woff2]
[www.dearmylove.org/_next/static/media/7d5279501ac0e8cf.woff2]
[www.dearmylove.org/_next/static/media/08522c938f61fd1d.woff2]
[www.dearmylove.org/_next/static/media/b96272469b609655.woff2]
[www.dearmylove.org/_next/static/media/999eb79b90c69fde.woff2]
[www.dearmylove.org/_next/static/media/9630de1a0b237820.woff2]
[www.dearmylove.org/_next/static/media/4e65c9814f5d576e.woff2]
[www.dearmylove.org/_next/static/media/0792185ae9e86f2c.woff2]
[www.dearmylove.org/_next/static/media/7213372038f8d164.woff2]
[www.dearmylove.org/_next/static/media/24b77f4783fddecf.woff2]
[www.dearmylove.org/_next/static/media/56a7d4321ab6fe1f.woff2]
[www.dearmylove.org/_next/static/media/0fe586fdfd3e37f9.woff2]
[www.dearmylove.org/_next/static/media/40f50bf81e6f2252.woff2]
[www.dearmylove.org/_next/static/media/e00b1ca1cb9860bb.woff2]
[www.dearmylove.org/_next/static/media/238771921db8b7f5.woff2]
[www.dearmylove.org/_next/static/media/eaa4b474d568cfe5.woff2]
[www.dearmylove.org/_next/static/media/dc81678e4431544e.woff2]
[www.dearmylove.org/_next/static/media/9095f481567acea8.woff2]
[www.dearmylove.org/_next/static/media/b5ed0fd988e35c45.woff2]
[www.dearmylove.org/_next/static/media/931b836361c573f6.woff2]
[www.dearmylove.org/_next/static/media/0013d73b2ebb97a2.woff2]
[www.dearmylove.org/_next/static/media/9960f6359142ea8e.woff2]
[www.dearmylove.org/_next/static/media/adacdc98d9d25c22.woff2]
[www.dearmylove.org/_next/static/media/0fa877c66b08d67e.woff2]
[www.dearmylove.org/_next/static/media/cdbfa1874a62b5aa.woff2]
[www.dearmylove.org/_next/static/media/af0bc643a3e4c933.woff2]
[www.dearmylove.org/_next/static/media/f53e05daebb8c301.woff2]
[www.dearmylove.org/_next/static/media/ae18b31eb2e23f2c.woff2]
[www.dearmylove.org/_next/static/media/3d7a2fffb9048e92.woff2]
[www.dearmylove.org/_next/static/media/18c998d1bc8d36c0.woff2]
[www.dearmylove.org/_next/static/media/4f1318cf78030299.woff2]
[www.dearmylove.org/_next/static/media/6d19c35c975ee75c.woff2]
[www.dearmylove.org/_next/static/media/0c7239054b782d87.woff2]
[www.dearmylove.org/_next/static/media/202a9d9a8e266ec9.woff2]
[www.dearmylove.org/_next/static/media/ff04f0ddf3f5ddb0.woff2]
[www.dearmylove.org/_next/static/media/4a466c52616348b9.woff2]
[www.dearmylove.org/_next/static/media/8a8dc4782c37c116.woff2]
[www.dearmylove.org/_next/static/media/d8360b937e8d37b1.woff2]
[www.dearmylove.org/_next/static/media/897a4309309020d9.woff2]
[www.dearmylove.org/_next/static/media/7132fe1b12a0ec1d.woff2]
[www.dearmylove.org/_next/static/media/f26dcdb350e49ad7.woff2]
[www.dearmylove.org/_next/static/media/6c603c0ec72ca2c3.woff2]
[www.dearmylove.org/_next/static/media/fb51b497be6ccb9b.woff2]
[www.dearmylove.org/_next/static/media/bc052597787655d3.woff2]
[www.dearmylove.org/_next/static/media/aefe09dfe7fb87d6.woff2]
[www.dearmylove.org/_next/static/media/3ed27832100fdaa7.woff2]
[www.dearmylove.org/_next/static/media/485acce28f1cc60e.woff2]
[www.dearmylove.org/_next/static/media/43a4fca7141788dd.woff2]
[www.dearmylove.org/_next/static/media/29918b136a627d0a.woff2]
[www.dearmylove.org/_next/static/media/c41d52f451b176eb.woff2]
[www.dearmylove.org/_next/static/media/a8c12ff3da2bd7e8.woff2]
[www.dearmylove.org/_next/static/media/cc7cca41f3afac16.woff2]
[www.dearmylove.org/_next/static/media/210c1467e64a4248.woff2]
[www.dearmylove.org/_next/static/media/ea1fee4a0a451c38.woff2]
[www.dearmylove.org/_next/static/media/d6a8efe0fe8db24e.woff2]
[www.dearmylove.org/_next/static/media/e30f89d781109d27.woff2]
[www.dearmylove.org/_next/static/media/fee896d2dae558b9.woff2]
[www.dearmylove.org/_next/static/media/4cf852df20fce995.woff2]
[www.dearmylove.org/_next/static/media/07ac760b7774b339.woff2]
[www.dearmylove.org/_next/static/media/9cdc77042ed12055.woff2]
[www.dearmylove.org/_next/static/media/39a370c6a7a2b4f7.woff2]
[www.dearmylove.org/_next/static/media/f6fea8c12ab170de.woff2]
[www.dearmylove.org/_next/static/media/6d691f330da668c2.woff2]
[www.dearmylove.org/_next/static/media/a68f212d1e532320.woff2]
[www.dearmylove.org/_next/static/media/99ca2dbecccf4540.woff2]
[www.dearmylove.org/_next/static/media/3b5acc4b2416cb4c.woff2]
[www.dearmylove.org/_next/static/media/26b04a4a7a85eaf5.woff2]
[www.dearmylove.org/_next/static/media/0d048507cc2b26c8.woff2]
[www.dearmylove.org/_next/static/media/4cb091a7e52ad28d.woff2]
[www.dearmylove.org/_next/static/media/4ea5e3eea4fa955e.woff2]
[www.dearmylove.org/_next/static/css/b4edf421a2beb52f.css]
[www.dearmylove.org/_next/static/media/4caeef6da8d39a4c.woff2]
[www.dearmylove.org/_next/static/media/6ec89c3f4265bc9b.woff2]
[www.dearmylove.org/_next/static/media/f1df658da56627d0.woff2]
[www.dearmylove.org/_next/static/media/162938472036e0a8.woff2]
[www.dearmylove.org/_next/static/media/af4d27004aa34222.woff2]
[www.dearmylove.org/_next/static/css/e883968f8980c5d6.css]
[www.dearmylove.org/_next/static/media/bdd413190225924c.woff2]
[www.dearmylove.org/_next/static/media/0a82ec5629edbafa.woff2]
[www.dearmylove.org/_next/static/css/5160cf820b2f63e0.css]
[www.dearmylove.org/iconc011.svg]
[www.dearmylove.org/_next/static/chunks/2760-f59176715137a1df.js]
[www.dearmylove.org/_next/static/chunks/3301-0989e5c4148a91b9.js]
[www.dearmylove.org/_next/static/chunks/3924-77d33cdd7e59bcab.js]
[www.dearmylove.org/sign-in.html]
[www.dearmylove.org/_next/static/chunks/app/sign-in/page-285d8faac9c20089.js]
[www.dearmylove.org/_next/static/chunks/684-a59883292ce85b73.js]
[www.dearmylove.org/_next/static/chunks/196-c58f805c35eb80bc.js]
[www.dearmylove.org/_next/static/chunks/6790-733ccd1b4adb252e.js]
[www.dearmylove.org/_next/static/chunks/app/catalog-digital/page-04a68c3d0d946745.js]
[www.dearmylove.org/_next/static/chunks/6501-da81ba847027705f.js]
[www.dearmylove.org/_next/static/chunks/app/catalog-digital/layout-b79aa32e077f5185.js]
[www.dearmylove.org/catalog-card.html]
[www.dearmylove.org/catalog-souvenir.html]
[www.dearmylove.org/_next/inv-1660f.jpg]
[www.dearmylove.org/template/verdant.html]
[www.dearmylove.org/_next/dream-land-thumbnail469a.jpg]
[www.dearmylove.org/template/dream-land.html]
[www.dearmylove.org/_next/olive4a37.png]
[www.dearmylove.org/template/olive.html]
[www.dearmylove.org/_next/og42f8.webp]
[www.dearmylove.org/template/elgaze.html]
[www.dearmylove.org/_next/tranquil-thumbnailc00e.jpg]
[www.dearmylove.org/catalog-digital.html]
[www.dearmylove.org/template/tranquil.html]
[www.dearmylove.org/_next/static/chunks/app/pricing/page-1b29854107656a04.js]
[www.dearmylove.org/pricing.html]
[www.dearmylove.org/fonts/404]
[www.dearmylove.org/custom.html]
[www.dearmylove.org/_next/static/chunks/app/catalog-card/page-f744e5486986a443.js]
[www.dearmylove.org/_next/static/chunks/app/catalog-card/layout-4a7b7abfea1d0b6b.js]
[www.dearmylove.org/_next/keep-sake-juan-filene55e7.jpg]
[www.dearmylove.org/catalog-card.html]
[www.dearmylove.org/invitation-card/verdant.html]
[www.dearmylove.org/_next/static/chunks/app/catalog-souvenir/layout-bc676403ffdfad3a.js]
[www.dearmylove.org/catalog-souvenir.html]
[www.dearmylove.org/_data_image/svg+xml;charset=utf-8,_svg xmlns='http_/www.w3.org/2000/svg' viewBox='0 0 320 200'__filter id='b' color/__feColorMatrix values='1 0 0 0/filter__image width='10]
[www.dearmylove.org/_data_image/svg+xml;charset=utf-8,_svg xmlns='http_/www.w3.org/2000/svg' viewBox='0 0 320 200'__filter id='b' color/__feColorMatrix values='1 0 0 0/filter__image width='10-2]
[www.dearmylove.org/_next/static/chunks/1115-8b47a5b3e7578eb0.js]
[www.dearmylove.org/_next/static/chunks/3590-7377a8e005e4451f.js]
[www.dearmylove.org/_next/static/chunks/4519-3fe06782ea3f19ad.js]
[www.dearmylove.org/_next/static/chunks/4393-ecee4401a5a4eba9.js]
[www.dearmylove.org/_next/static/chunks/7508-3f017e21edbdbe74.js]
[www.dearmylove.org/_next/static/chunks/6235-caca5693a6bcf6e8.js]
[www.dearmylove.org/_next/static/chunks/7285-3cc8f3876680b269.js]
[www.dearmylove.org/_next/static/chunks/app/template/verdant/page-a070e19b6e8beb48.js]
[www.dearmylove.org/_next/inv-10b08.jpg]
[www.dearmylove.org/_next/inv-260bc.jpg]
[www.dearmylove.org/_next/juan4055.jpg]
[www.dearmylove.org/_next/filenee695.jpg]
[www.dearmylove.org/_next/ngadah1203.jpg]
[www.dearmylove.org/_next/jalanPantai7c43.jpg]
[www.dearmylove.org/_next/vintage0768.jpg]
[www.dearmylove.org/mock-ics.ics]
[www.dearmylove.org/_next/gallery29b52.jpg]
[www.dearmylove.org/_next/gallery186d1.jpg]
[www.dearmylove.org/_next/inv-16147.jpg]
[www.dearmylove.org/_next/inv-29de8.jpg]
[www.dearmylove.org/_next/ngadah11cc.jpg]
[www.dearmylove.org/_next/jalanPantai2969.jpg]
[www.dearmylove.org/_next/vintagec73d.jpg]
[www.dearmylove.org/_next/pantaiLiatBunga829d.jpg]
[www.dearmylove.org/_next/slide133658.jpg]
[www.dearmylove.org/_next/static/media/pantaiLiatBunga.cfcf3658.jpg]
[www.dearmylove.org/_next/wiskye6f0.jpg]
[www.dearmylove.org/template/verdant.html]
[www.dearmylove.org/_data_image/svg+xml;charset=utf-8,_svg xmlns='http_/www.w3.org/2000/svg' viewBox='0 0 240 320'__filter id='b' color/__feColorMatrix values='1 0 0 0/filter__image width='10]
[www.dearmylove.org/_next/static/media/butterfly-blue-full-1.30f53396.webp]
[www.dearmylove.org/_data_image/svg+xml;charset=utf-8,_svg xmlns='http_/www.w3.org/2000/svg' viewBox='0 0 240 320'__filter id='b' color/__feColorMatrix values='1 0 0 0/filter__image width='10-2]
[www.dearmylove.org/_next/static/media/tree-full-1.1b961107.webp]
[www.dearmylove.org/_next/static/media/flower-full-3.b7203cb8.webp]
[www.dearmylove.org/_next/static/media/flower-white-full-1.8d648d33.webp]
[www.dearmylove.org/_next/static/media/flower-pink-full-1.a19e7d19.webp]
[www.dearmylove.org/_next/static/media/flower-yellow-full-1.c80af8b4.webp]
[www.dearmylove.org/_next/static/media/flower-violet-full-1.eebc0094.webp]
[www.dearmylove.org/_next/static/media/2.eacdd506.webp]
[www.dearmylove.org/_next/static/chunks/3378-12f8e25b8b1770cf.js]
[www.dearmylove.org/_next/static/chunks/8662-a0fc718ba02951b5.js]
[www.dearmylove.org/_next/static/chunks/4007-05db9fa64f08d2c8.js]
[www.dearmylove.org/_next/static/chunks/app/template/dream-land/page-90b792622046ec15.js]
[www.dearmylove.org/_next/static/media/butterfly-pink-full-2.a26acce3.webp]
[www.dearmylove.org/_next/static/media/flower-full-4.44222108.webp]
[www.dearmylove.org/_next/static/media/fence-wood-1.72f41a49.webp]
[www.dearmylove.org/_next/static/media/hill-bot-1.e66a25d4.webp]
[www.dearmylove.org/_next/static/media/1.20bb1f30.webp]
[www.dearmylove.org/_next/static/media/bush-right-2.239c9983.webp]
[www.dearmylove.org/_next/static/media/flower-full-2.81e96379.webp]
[www.dearmylove.org/_next/static/media/flower-bush-full-1.9d937dbd.webp]
[www.dearmylove.org/_next/static/media/bird-white-full-2.7c24919a.webp]
[www.dearmylove.org/_next/static/media/bird-white-full-1.53b7d836.webp]
[www.dearmylove.org/_next/static/media/cathedral-left-1.8d98cb46.webp]
[www.dearmylove.org/_next/static/media/groom-bride-1.1fdd384f.webp]
[www.dearmylove.org/_next/static/media/bush-right-1.ef9c16a9.webp]
[www.dearmylove.org/_next/static/media/chinese-fans-ornament-full-1.6d75f4e1.webp]
[www.dearmylove.org/_next/static/media/lantern-top-2.957fcaf2.png]
[www.dearmylove.org/_next/static/media/bush-full-1.208c01c3.webp]
[www.dearmylove.org/_next/static/media/tea-pot-full-1.59eafa9a.webp]
[www.dearmylove.org/_next/static/media/folding-fan-1.4c0fb760.webp]
[www.dearmylove.org/_next/static/media/gazebo-full-1.26f821a9.webp]
[www.dearmylove.org/_next/static/media/chair-full-1.4d13705a.webp]
[www.dearmylove.org/_next/static/media/grass-bot-1.f3221744.webp]
[www.dearmylove.org/_next/static/media/flower-bot-2.8014eef5.webp]
[www.dearmylove.org/_next/static/media/flower-multicolor-full-1.d2d5cccb.webp]
[www.dearmylove.org/_next/bg-84ef8.jpg]
[www.dearmylove.org/_next/kurniawan-katarina-1cec3.jpg]
[www.dearmylove.org/_next/kurniawan-katarina-22b1c.jpg]
[www.dearmylove.org/_next/kurniawan-katarina-3f432.jpg]
[www.dearmylove.org/_next/kurniawan-katarina-4cd9f.jpg]
[www.dearmylove.org/_next/kurniawan-katarina-528ae.jpg]
[www.dearmylove.org/_next/kurniawan-katarina-66af3.jpg]
[www.dearmylove.org/_next/kurniawan-katarina-77915.jpg]
[www.dearmylove.org/_next/kurniawan-katarina-8220c.jpg]
[www.dearmylove.org/_next/kurniawan-katarina-9f2cb.jpg]
[www.dearmylove.org/_next/kurniawan-katarina-109c58.jpg]
[www.dearmylove.org/_next/kurniawan-katarina-11528e.jpg]
[www.dearmylove.org/_next/bg-566d0.jpg]
[www.dearmylove.org/_next/static/media/bg-1.15acb11c.jpg]
[www.dearmylove.org/_next/static/media/bg-2.22faaa9a.jpg]
[www.dearmylove.org/_next/kurniawan-katarina-13e9b.jpg]
[www.dearmylove.org/_next/kurniawan-katarina-218a4.jpg]
[www.dearmylove.org/_next/kurniawan-katarina-3281e.jpg]
[www.dearmylove.org/_next/kurniawan-katarina-43f07.jpg]
[www.dearmylove.org/_next/kurniawan-katarina-5d474.jpg]
[www.dearmylove.org/_next/kurniawan-katarina-6ae62.jpg]
[www.dearmylove.org/_next/static/media/bg-4.456ce966.jpg]
[www.dearmylove.org/_next/static/media/holy-matrimony.54ceee06.jpg]
[www.dearmylove.org/_next/static/media/bg-5.487ad8ed.jpg]
[www.dearmylove.org/_next/static/media/bg-6.bd24c81d.jpg]
[www.dearmylove.org/_next/static/media/bg-9.a3d2584f.webp]
[www.dearmylove.org/_next/static/media/tree-right-1.fa033994.webp]
[www.dearmylove.org/_next/static/media/kurniawan-katarina-8.401eea3a.jpg]
[www.dearmylove.org/up-married-life.mp3]
[www.dearmylove.org/template/dream-land.html]
[www.dearmylove.org/_data_image/svg+xml;charset=utf-8,_svg xmlns='http_/www.w3.org/2000/svg' viewBox='0 0 160 320'__filter id='b' color/__feColorMatrix values='1 0 0 0/filter__image width='10]
[www.dearmylove.org/_data_image/svg+xml;charset=utf-8,_svg xmlns='http_/www.w3.org/2000/svg' viewBox='0 0 160 320'__filter id='b' color/__feColorMatrix values='1 0 0 0/filter__image width='10-2]
[www.dearmylove.org/_next/static/chunks/2480-d6fff5e2efb48604.js]
[www.dearmylove.org/_next/static/chunks/app/template/olive/page-9cf544a6a03cd390.js]
[www.dearmylove.org/_next/henry-victoria-13af4.jpg]
[www.dearmylove.org/_next/henry-victoria-244d9.jpg]
[www.dearmylove.org/_next/henry-victoria-37d6a.jpg]
[www.dearmylove.org/_next/henry-victoria-4f2ec.jpg]
[www.dearmylove.org/_next/henry-victoria-59775.jpg]
[www.dearmylove.org/_next/henry-victoria-6fa27.jpg]
[www.dearmylove.org/_next/henry-victoria-79606.jpg]
[www.dearmylove.org/_next/henry-victoria-845b4.jpg]
[www.dearmylove.org/_next/henry-victoria-9bfa6.jpg]
[www.dearmylove.org/_next/henry-victoria-10a90a.jpg]
[www.dearmylove.org/_next/henry-victoria-11f680.jpg]
[www.dearmylove.org/_next/henry-victoria-ayat-16af5.jpg]
[www.dearmylove.org/_next/henry-victoria-10e85e.jpg]
[www.dearmylove.org/_next/henry-victoria-combined-2766b.jpg]
[www.dearmylove.org/_next/henry-victoria-67bf8.jpg]
[www.dearmylove.org/_next/henry-victoria-4244f.jpg]
[www.dearmylove.org/_next/static/media/henry-victoria-7.173c4019.jpg]
[www.dearmylove.org/miracle-riley.mp3]
[www.dearmylove.org/template/olive.html]
[www.dearmylove.org/_data_image/svg+xml;charset=utf-8,_svg xmlns='http_/www.w3.org/2000/svg' viewBox='0 0 200 320'__filter id='b' color/__feColorMatrix values='1 0 0 0/filter__image width='10]
[www.dearmylove.org/_next/static/media/elgaze-1.f5a2b5ed.webp]
[www.dearmylove.org/_data_image/svg+xml;charset=utf-8,_svg xmlns='http_/www.w3.org/2000/svg' viewBox='0 0 200 320'__filter id='b' color/__feColorMatrix values='1 0 0 0/filter__image width='10-2]
[www.dearmylove.org/_next/static/media/elgaze-4.b26a5d62.webp]
[www.dearmylove.org/_next/static/media/elgaze-6.9f42a26b.webp]
[www.dearmylove.org/_next/static/media/elgaze-5.7eddcf66.webp]
[www.dearmylove.org/_next/static/media/elgaze-2.d0c18541.webp]
[www.dearmylove.org/_next/static/chunks/4688-4a76a1fbbdb86852.js]
[www.dearmylove.org/_next/static/chunks/app/template/elgaze/page-41f3ac9df45fdb28.js]
[www.dearmylove.org/_next/helmicaroline-1204fd.webp]
[www.dearmylove.org/_next/helmicaroline-3c050.webp]
[www.dearmylove.org/_next/helmicaroline-11fc42.webp]
[www.dearmylove.org/_next/helmicaroline-54294.webp]
[www.dearmylove.org/_next/helmicaroline-1dabb.jpg]
[www.dearmylove.org/_next/helmicaroline-2960d.webp]
[www.dearmylove.org/_next/helmicaroline-47928.webp]
[www.dearmylove.org/_next/helmicaroline-63492.webp]
[www.dearmylove.org/_next/helmicaroline-79dae.webp]
[www.dearmylove.org/_next/helmicaroline-81210.webp]
[www.dearmylove.org/_next/helmicaroline-95bbe.webp]
[www.dearmylove.org/_next/helmicaroline-2345c.webp]
[www.dearmylove.org/_next/helmicaroline-5f12a.jpg]
[www.dearmylove.org/_next/helmicaroline-121c3d.jpg]
[www.dearmylove.org/_next/helmicaroline-350e1.jpg]
[www.dearmylove.org/_next/helmicaroline-11fb27.jpg]
[www.dearmylove.org/_next/helmicaroline-53e2d.jpg]
[www.dearmylove.org/_next/helmicaroline-86005.jpg]
[www.dearmylove.org/_next/helmicaroline-11f43a.jpg]
[www.dearmylove.org/_next/helmicaroline-14ca2.jpg]
[www.dearmylove.org/song/teman-hidup-tulus.mp3]
[www.dearmylove.org/template/elgaze.html]
[www.dearmylove.org/_next/static/media/moon.651368c7.webp]
[www.dearmylove.org/_next/static/media/koi1.24e5b05d.webp]
[www.dearmylove.org/_next/static/media/koi2.78df551c.webp]
[www.dearmylove.org/_next/static/media/flower-magenta-4.ef5b4824.webp]
[www.dearmylove.org/_next/static/media/flower-magenta-2.8f878eb9.webp]
[www.dearmylove.org/_next/static/media/flower-magenta-3.c95bf34b.webp]
[www.dearmylove.org/_next/static/media/flower-magenta-1.11380cd0.webp]
[www.dearmylove.org/_next/static/media/flying-light-1.55f9d771.webp]
[www.dearmylove.org/_next/static/chunks/9620-d3a7fcfcc6760d0d.js]
[www.dearmylove.org/_next/static/chunks/app/template/tranquil/page-87ad72127e59ae84.js]
[www.dearmylove.org/_next/static/media/bg-tranquil.63916522.jpg]
[www.dearmylove.org/_next/static/media/bg-tranquil-upside.86b164c8.jpg]
[www.dearmylove.org/tranquil-music.mp3]
[www.dearmylove.org/template/tranquil.html]
[www.dearmylove.org/custom.html]
[www.dearmylove.org/_next/static/chunks/app/custom/page-94ab3dda5e234267.js]
[www.dearmylove.org/_next/static/chunks/app/invitation-card/[id]/page-1e0359c1945663d4.js]
[www.dearmylove.org/_next/keep-sake-juan-filenef81a.jpg]
[www.dearmylove.org/_next/keep-sake-juan-filene31ce.jpg]
[www.dearmylove.org/_next/verdant-159ba.jpg]
[www.dearmylove.org/_next/verdant-2f40c.jpg]
[www.dearmylove.org/_next/verdant-3a624.jpg]
[www.dearmylove.org/_next/verdant-4babc.jpg]
[www.dearmylove.org/invitation-card/verdant.html]
[www.dearmylove.org/_data_image/svg+xml;charset=utf-8,_svg xmlns='http_/www.w3.org/2000/svg' viewBox='0 0 320 200'__filter id='b' color/__feColorMatrix values='1 0 0 0/filter__image width='10-2]
[www.dearmylove.org/template/_data_image/svg+xml;charset=utf-8,_svg xmlns='http_/www.w3.org/2000/svg' viewBox='0 0 320 200'__filter id='b' color/__feColorMatrix values/filter__image width='10]
[www.dearmylove.org/template/_data_image/svg+xml;charset=utf-8,_svg xmlns='http_/www.w3.org/2000/svg' viewBox='0 0 200 320'__filter id='b' color/__feColorMatrix values/filter__image width='10]
[www.dearmylove.org/template/_data_image/svg+xml;charset=utf-8,_svg xmlns='http_/www.w3.org/2000/svg' viewBox='0 0 240 320'__filter id='b' color/__feColorMatrix values/filter__image width='10]
[www.dearmylove.org/_data_image/svg+xml;charset=utf-8,_svg xmlns='http_/www.w3.org/2000/svg' viewBox='0 0 240 320'__filter id='b' color/__feColorMatrix values='1 0 0 0/filter__image width='10-2]
[www.dearmylove.org/_data_image/svg+xml;charset=utf-8,_svg xmlns='http_/www.w3.org/2000/svg' viewBox='0 0 160 320'__filter id='b' color/__feColorMatrix values='1 0 0 0/filter__image width='10-2]
[www.dearmylove.org/template/_data_image/svg+xml;charset=utf-8,_svg xmlns='http_/www.w3.org/2000/svg' viewBox='0 0 320 240'__filter id='b' color/__feColorMatrix values/filter__image width='10]
[www.dearmylove.org/template/_data_image/svg+xml;charset=utf-8,_svg xmlns='http_/www.w3.org/2000/svg' viewBox='0 0 320 200'__filter id='b' color/__feColorMatrix values/filter__image width='10-2]
[www.dearmylove.org/template/_data_image/svg+xml;charset=utf-8,_svg xmlns='http_/www.w3.org/2000/svg' viewBox='0 0 200 320'__filter id='b' color/__feColorMatrix values/filter__image width='10-2]
[www.dearmylove.org/_data_image/svg+xml;charset=utf-8,_svg xmlns='http_/www.w3.org/2000/svg' viewBox='0 0 200 320'__filter id='b' color/__feColorMatrix values='1 0 0 0/filter__image width='10-2]
[www.dearmylove.org/invitation-card/_data_image/svg+xml;charset=utf-8,_svg xmlns='http_/www.w3.org/2000/svg' viewBox='0 0 200 320'__filter id='b' color/__feColorMatrix/filter__image width='10]
[www.dearmylove.org/invitation-card/_data_image/svg+xml;charset=utf-8,_svg xmlns='http_/www.w3.org/2000/svg' viewBox='0 0 320 320'__filter id='b' color/__feColorMatrix/filter__image width='10]
[www.dearmylove.org/template/_data_image/svg+xml;charset=utf-8,_svg xmlns='http_/www.w3.org/2000/svg' viewBox='0 0 240 320'__filter id='b' color/__feColorMatrix values/filter__image width='10-2]
[www.dearmylove.org/template/_data_image/svg+xml;charset=utf-8,_svg xmlns='http_/www.w3.org/2000/svg' viewBox='0 0 320 200'__filter id='b' color/__feColorMatrix values/filter__image width='10-2]
[www.dearmylove.org/template/_data_image/svg+xml;charset=utf-8,_svg xmlns='http_/www.w3.org/2000/svg' viewBox='0 0 200 320'__filter id='b' color/__feColorMatrix values/filter__image width='10-2]
[www.dearmylove.org/template/_data_image/svg+xml;charset=utf-8,_svg xmlns='http_/www.w3.org/2000/svg' viewBox='0 0 240 320'__filter id='b' color/__feColorMatrix values/filter__image width='10-2]
[www.dearmylove.org/template/_data_image/svg+xml;charset=utf-8,_svg xmlns='http_/www.w3.org/2000/svg' viewBox='0 0 320 240'__filter id='b' color/__feColorMatrix values/filter__image width='10-2]
[www.dearmylove.org/template/_data_image/svg+xml;charset=utf-8,_svg xmlns='http_/www.w3.org/2000/svg' viewBox='0 0 320 240'__filter id='b' color/__feColorMatrix values/filter__image width='10-2]
[www.dearmylove.org/invitation-card/_data_image/svg+xml;charset=utf-8,_svg xmlns='http_/www.w3.org/2000/svg' viewBox='0 0 200 320'__filter id='b' color/__feColorMatrix/filter__image width='10-2]
[www.dearmylove.org/invitation-card/_data_image/svg+xml;charset=utf-8,_svg xmlns='http_/www.w3.org/2000/svg' viewBox='0 0 320 320'__filter id='b' color/__feColorMatrix/filter__image width='10-2]
[www.dearmylove.org/invitation-card/_data_image/svg+xml;charset=utf-8,_svg xmlns='http_/www.w3.org/2000/svg' viewBox='0 0 200 320'__filter id='b' color/__feColorMatrix/filter__image width='10-2]
[www.dearmylove.org/invitation-card/_data_image/svg+xml;charset=utf-8,_svg xmlns='http_/www.w3.org/2000/svg' viewBox='0 0 320 320'__filter id='b' color/__feColorMatrix/filter__image width='10-2]
